Case #1:
GGG
CCC
JJJ
Case #2:
CODE
CJAM
JJAM
Case #3:
CA
KE
Case #4:
A
Case #5:
???A????B????????H???????
???A????B????????H???????
???A????B????????H???????
???A????B????????H???????
???A????B????????H???????
???A????B????????H???????
???A????B????????H???????
???A????B????????H???????
AAAABBBBBBBBBBBBBHBBBBBBB
CCCCCCCCCCCCCCCCCHCCCCCCC
DDDDDDDDDDDDDDDDDHDDDDDDD
EEEEEEEEEEEEEEEEEHEEEEEEE
????E???????????FH???????
????E???????????FH???????
????E???????????FH???????
????E???????????FH???????
????E???????????FH???????
????E???????????FH???????
????E???????????FH???????
FFFFFFFFFFFFFFFFFHHHHHHHH
JJJJJJJJJJJJJJJJGJJJJJJJJ
????????????????G?IJ?????
????????????????G?IJ?????
????????????????G?IJ?????
GGGGGGGGGGGGGGGGGIIIIIIII
Case #6:
GGGGGGGGGGGGGGGGGGMGGLGGG
YYYYYYYYYYYYYYYYYYMYYLYYY
O????????????N????M??L???
ONNNNNNNNNNNNNNNNNMNNLNNN
O???B????????N?Q??M??L???
OBBBBQQQQQQQQQQQMMMLLLLLL
O???B??F????Z??QI?M??L???
OFFFFFFFFFFFZFFFIFFFFFFFF
O?V????FA???Z???I?M??L???
OVVAAAAAAZZZZIIIIIIIIIIII
O?VK????A?P?Z???I????R???
O?VK????A?P?Z???I????R???
PPPKPPPPPPPRRRRRRRRRRRRRR
XXXKXXXXXXXXXXXXXXXXXXXXX
EEEKEEEEEEEEEEEEEEEEEEEEE
O?VK?????W?????E?????????
O?VK?????W?????E?????????
O?VK?????W?????E?????????
KKKKWWWWWWWWWWWWWWWWWWWWW
DDDDUUUUUUUUUUUUUUUUUUUUU
JJJTTTTTTTTTTTTTTTTTTTTTT
HHHHHHHHHHHHHHHHHHHHHHHHH
?H?????T?????C???????????
CCCCCCCCCCCCCCCCCCCCCCCCC
SSSSSSSSSSSSSSSSSSSSSSSSS
Case #7:
B??????????R??????Q??????
BRRRRRRRRRRRRRRRRRQRRRRRR
UUUUUUUUUUUUUUUUUUQUUUUUU
B???????????U??Y??Q??????
YYYYYYYYYYYYYYYYQQQQQQQQQ
JJJJJJJJJJJJJJJJJJJJJJJJJ
?????????J??G?????Q??????
?????????J??G?????Q??????
GGGGGGGGGGGGGGGGGGGGGGGGG
HHHHHHHHHHHHHHHHHHHHHHHHH
IIIIAIIIIIIIIIIIIIIIIIIII
????A??????????????????EI
AAAAAEEEEEEEEEEEEEEEEEEEE
???LA??????????????M???E?
MMMLMMMMMMMMMMMMMMMMMMMMM
LLLLNNNTTTTTTTTTTTTTTTTTT
DFFFFSSSSSSSSSSSSSSSSSSSS
DWWWWWWWWWWWWWWWWWWWWWWWW
CCCCVCCCCCCCCCCCCCCCCCCCC
VVVVVXXXXXXXXXXXXXXXXXXXX
PPPPPPPPPPPPPPPPPPPPPPPPP
OOOOOOOOOOOOOOOOOOOOOOOOO
ZZZZZZZZZZZZZZZZZZZZZZZZZ
D??KV??????????Z?????????
KKKKKKKKKKKKKKKKKKKKKKKKK
Case #8:
BB
AA
Case #9:
????????????S???QF??K???G
KKKKKKKKKKKKSKKKQFKKKKKKG
CCCCCCCCCCCCSCCCQFCCACCCG
????????????S???QF??AJCEG
AAAAAAAAAAAASAAAQFAAAJEEG
MMMMMMMMMMMMSMMMQFMMMMMMU
????????????S???QF??HMBEU
QQQQQQQQQQQQSQQQQFHHHBBUU
VVVVVVVVVVVVSVPPPPPPIPLTP
SSSSSSSSSSSSSNIIIIIIIYLTT
????????????SN???F??WYLX?
WWWWWWWWWWWWWWWWWWWWWXXXX
ZZZZZZZZZZZZZZZZZZZZZZZZZ
????????????SN???F???ZLD?
DDDDDDDDDDDDDDDDDDDDDDDDD
OOOOOOOOOOOOOOOOOOOOOOOOO
RRRRRRRRRRRRRRRRRRRRRRRRR
????????????S?????????R??
????????????S?????????R??
????????????S?????????R??
????????????S?????????R??
????????????S?????????R??
????????????S?????????R??
????????????S?????????R??
????????????S?????????R??
Case #10:
GTGGGGGGXGGGGGGGGGGGGGGGG
XTXXXXXXXUUUUUUUUUUUUUUUU
TTJJJJJJJJJJJJJJJJJJJAJJJ
?Q??J????????????????AU??
QQQQQQQQQQQQQQQQQQQQQAQQQ
ZZZZZZZZZZZZZZZZZZZZZAZZZ
????????????Z??????M?A???
MMMMMMMMMMMMMMMMMMMMAAAAA
HHHHHHHHHHHHPHHHHHHHHHHHH
SPPPPPPPPPPPPPPPPPPPPPPPP
IIIIIIIIIFFFFFFFFFFFFFFFF
LLLLLLLLVVVVVVVVVVVVVVVVV
CCCCCCCCCCCCCCCCCCCCCCCCC
???????L???????CW????A???
???????L???????CW????A???
???????L???????CW????A???
???????L???????CW????A???
???????L???????CW????A???
WWWWWWWWWWWWWWWWWWWWWWWWW
OOOOOODDDDDDDDDDDDDDDDDDD
YYYYYYYYYYYYYYYYYYYYYYYYY
NNNNKKKKKKKKKKKKKKKKKKKKK
B??N???????E??????K??A???
BEEEEEEEEEEEEEEEEEEEEEEEE
RRRRRRRRRRRRRRRRRRRRRRRRR
Case #11:
AAAAAAAAAAAAAAAAAAAAAAAAA
BBBBBBBBBBBBBBBBBBBBBBBBB
CCCCCCCCCCCCCCCCCCCCCCCCC
DDDDDDDDDDDDDDDDDDDDDDDDD
EEEEEEEEEEEEEEEEEEEEEEEEE
FFFFFFFFFFFFFFFFFFFFFFFFF
GGGGGGGGGGGGGGGGGGGGGGGGG
HHHHHHHHHHHHHHHHHHHHHHHHH
IIIIIIIIIIIIIIIIIIIIIIIII
JJJJJJJJJJJJJJJJJJJJJJJJJ
KKKKKKKKKKKKKKKKKKKKKKKKK
LLLLLLLLLLLLLLLLLLLLLLLLL
MMMMMMMMMMMMMMMMMMMMMMMMM
NNNNNNNNNNNNNNNNNNNNNNNNN
OOOOOOOOOOOOOOOOOOOOOOOOO
PPPPPPPPPPPPPPPPPPPPPPPPP
QQQQQQQQQQQQQQQQQQQQQQQQQ
RRRRRRRRRRRRRRRRRRRRRRRRR
SSSSSSSSSSSSSSSSSSSSSSSSS
TTTTTTTTTTTTTTTTTTTTTTTTT
UUUUUUUUUUUUUUUUUUUUUUUUU
VVVVVVVVVVVVVVVVVVVVVVVVV
WWWWWWWWWWWWWWWWWWWWWWWWW
XXXXXXXXXXXXXXXXXXXXXXXXX
YYYYYYYYYYYYYYYYYYYYYYYYY
Case #12:
????AC?????????????????G?
AAAAACCCCCCCCCCCCCCCCCCGC
EEEEBEEEEEEEEEEEEEEEEEEGE
????B?DE???????????????G?
????B?DE???????????????G?
????B?DE???????????????G?
BBBBBDDDDDDDDDDDDDDDDDDGD
????B?D???????????F????G?
????B?D???????????F????G?
????B?D???????????F????G?
????B?D???????????F????G?
????B?D???????????F????G?
????B?D???????????F????G?
????B?D???????????F????G?
????B?D???????????F????G?
????B?D???????????F????G?
????B?D???????????F????G?
FFFFFFFFFFFFFFFFFFFGGGGGG
HHHHHHHHHHHHHHHHHHHHHHHHH
IIIIIIIIIIIIIIIIIIIIIIIII
JJJJJJJJJJJJJJJJJJJJJJJJJ
????B??????????????J?????
????B??????????????J?????
????B??????????????J?????
????B??????????????J?????
Case #13:
?????A????B?????????H????
?????A????B?????????H????
?????A????B?????????H????
?????A????B?????????H????
?????A????B?????????H????
?????A????B?????????H????
?????A????B?????????H????
?????A????B?????????H????
AAAAAABBBBBBBBBBBBBBHBBBB
CCCCCCCCCCCCCCCCCCCCHCCCC
DDDDDDDDDDDDDDDDDDDDHDDDD
EEEEEEEEEEEEEEEEEEEEHEEEE
??????E????????????FH????
FFFFFFFFFFFFFFFFFFFFHHHHH
JJJJJJJJJJJJJJJJJJJGJJJJJ
???????????????????G?IJ??
???????????????????G?IJ??
???????????????????G?IJ??
GGGGGGGGGGGGGGGGGGGGIIIII
???????????????????G?I???
???????????????????G?I???
???????????????????G?I???
???????????????????G?I???
???????????????????G?I???
???????????????????G?I???
Case #14:
?A????B?????????H????????
AABBBBBBBBBBBBBBHBBBBBBBB
CCCCCCCCCCCCCCCCHCCCCCCCC
DDDDDDDDDDDDDDDDHDDDDDDDD
EEEEEEEEEEEEEEEEHEEEEEEEE
??E????????????FH????????
??E????????????FH????????
??E????????????FH????????
??E????????????FH????????
??E????????????FH????????
??E????????????FH????????
??E????????????FH????????
??E????????????FH????????
??E????????????FH????????
??E????????????FH????????
??E????????????FH????????
??E????????????FH????????
FFFFFFFFFFFFFFFFHHHHHHHHH
JJJJJJJJJJJJJJJGJJJJJJJJJ
???????????????G?IJ??????
???????????????G?IJ??????
???????????????G?IJ??????
GGGGGGGGGGGGGGGGIIIIIIIII
???????????????G?I???????
???????????????G?I???????
Case #15:
VVVVUACVFVVGVVVVVVVVVVVVV
KKKKUACKFFFGFFFFFFFFFFFFF
????UACPZ??G?????????????
AAAAUACPZZZGZZZZZZZZZZZZZ
UUUUUSCQIGGGGGGGGGGGGGGGG
DDDDYYCHRRLRRRRRRRRRRRRRR
NNNNOOCHELLLLLLLLLLLLLLLL
JJJJJJCWXXBBBBBBBBBBBBBBB
MMMMMMMTTTTTTTTTTTTTTTTTT
???N?JM?T?B??????????????
???N?JM?T?B??????????????
???N?JM?T?B??????????????
???N?JM?T?B??????????????
???N?JM?T?B??????????????
???N?JM?T?B??????????????
???N?JM?T?B??????????????
???N?JM?T?B??????????????
???N?JM?T?B??????????????
???N?JM?T?B??????????????
???N?JM?T?B??????????????
???N?JM?T?B??????????????
???N?JM?T?B??????????????
???N?JM?T?B??????????????
???N?JM?T?B??????????????
???N?JM?T?B??????????????
Case #16:
K???????H??????????I????
KHHHHHHHHIIIIIIIIIIIIIII
K??S????H??????V?X?I????
K??S????H??????V?X?I????
SSSSVVVVVVVVVVVVXXXXXXXX
UUUUUUUUUUUUUMMMMMMMMMMM
WWWWWWWWWWWWWWWWWWWWWWWW
QQQQQQQQQQQQQQQQQQQQQQQQ
FFFFFFFFFFFFFFFFFFFFFFFF
?????????Y????????????F?
YYYYYYYYYYYYYYYYYYYYYYYY
DDDDDDDDDDDDDDDDDDDDDDDD
JJJJJJJJJJJJJJJJJJJJJJJJ
RRRRRRRRRRRERRRRRCRRRRRR
TTTTTTTATTTETTTTTCTTTTTT
???????A??PE?????C??????
???????A??PE?????C??????
AAAAAAAAPPPEPPPPPCPPPPPP
OOOOOOOOOOGEOOOOOCOOOOOO
????N?????GE?????C??????
NNNNNNNNNNGENNNNNCNNNNNN
????B?????GE?????C??????
BBBBBBBBBBGEBBBBBCBBBBBB
????B???L?GE?????C??????
LLLLLLLLLGGECCCCCCCCCCCC
Case #17:
HHHZHHDHHHHHEHHHHHHHHHHHH
ZZZZDDDEEEEEEIIIIIIIIIIII
CCCCCCCCCCCCCCCCCCCCCCCCC
BBBBBBBBBBBBBBBBBBBBBBBBB
MMMMMMMMMMMMMMMMMMMMMMMMM
???M??????R??????????????
RRRRRRRRRRRRRRRRRRRRRRRRR
????O???J?R??????????????
OOOOOOOOJOOOOOOOOOOOOOOOO
????O??YJ????????????????
????O??YJ????????????????
????O??YJ????????????????
YYYYYYYYJJJJJJJJJJJJJJJJJ
VVVVVVVVVVVVVVVVVVVVVVVVV
V???????J???T????????P???
PPPPPPPPPPPPTPPPPPPPPPPPP
TTTTTTTTTTTTTLLLLLLLLLLLL
UUUUUUUWWWWWWWWWSSSSSSSSS
XXXXXXXXXXXXXXXNXXXXXXXXX
QQQQQQQQQQQQQQQNQQQQQQQQQ
GGGGGNNNNNNNNNNNNNNNNNNNN
A???G??????????N???K?S???
A???G??????????N???K?S???
AKKKKKKKKKKKKKKKKKKKKKKKK
FFFFFFFFFFFFFFFFFFFFFFFFF
Case #18:
???????????????????I?????
IIIIIIIIIIIIIIIIIIIIIIIII
AAAAAAAAAAAAAAUAAAAAAAAAA
?????A?Q??????U??????????
QQQQQQQQQQQQQQUQQQQQQQQQQ
FFFFFFFFFUUUUUUUUUUUUUUUU
HHHHHHHHHHHKKKKKKKKKKKKKK
VVVVVVVEVVVVVVVVVVVVVVVVV
ZZZZZZEEEEEEEEEEEEEEEEEEE
MMMMMMMMMMMMMMMMMMMMMMMMM
SSSXSSSSSSSSSSSSSSSSSSSSS
CCCXCCCCCCCCCCCCCCCCCCCCC
???X?????Y????????????C??
???X?????Y????????????C??
YYYXYYYYYYYYYYYYYYYYYYYYY
BBBXBBBBBBBBBBBBBBBBBBBBB
???X???????????N????????B
???X???????????N????????B
???X???????????N????????B
NNNXNNNNNNNNNNNNNNNNNNNNN
XXXXWWWWTTTTTTTTTDTTTTTTT
???X???W?L???????D???P??T
PPPPPPPPPLPPPPPPPDPPPPPPP
LLLLLLLLLLDDDDDDDDRRRRRRR
GGGGGJJJJJJJJOOOOOOOOOOOO
Case #19:
??????????A????B?????????
??????????A????B?????????
??????????A????B?????????
??????????A????B?????????
??????????A????B?????????
??????????A????B?????????
??????????A????B?????????
??????????A????B?????????
??????????A????B?????????
??????????A????B?????????
??????????A????B?????????
??????????A????B?????????
??????????A????B?????????
??????????A????B?????????
??????????A????B?????????
??????????A????B?????????
??????????A????B?????????
AAAAAAAAAAABBBBBBBBBBBBBB
CCCCCCCCCCCCCCCCCCCCCCCCC
DDDDDDDDDDDDDDDDDDDDDDDDD
EEEEEEEEEEEEEEEEEEEEEEEEE
???????????E?????????????
???????????E?????????????
???????????E?????????????
???????????E?????????????
Case #20:
????????U?X?F??A?????????
????????U?X?F??A?????????
????????U?X?F??A?????????
????????U?X?F??A?????????
????????U?X?F??A?????????
????????U?X?F??A?????????
FFFFFFFFUFXFFFFAFFFFFFFFF
DDDDDDDDUDXDRRRARRRRRRRRR
????????U?XZJWIA?????????
JJJJJJJJUJXZJWIAAAAAAAAAA
XXXXXXXXUXXZNWQQMQQQQQQQQ
UUUUUUUUUOVVTVPVMVVVVVVVV
CCCCCCCCCCCBTYPMMMMMMMMMM
SSSSSSSSSSSBTLHHHHHHHHHHH
GGGGGGGGGGGKGGGGGGGGGGGGG
KKKKKKKKKKKKEEEEEEEEEEEEE
????????U?SKEL?H?????????
????????U?SKEL?H?????????
????????U?SKEL?H?????????
????????U?SKEL?H?????????
????????U?SKEL?H?????????
????????U?SKEL?H?????????
????????U?SKEL?H?????????
????????U?SKEL?H?????????
????????U?SKEL?H?????????
Case #21:
?????????????????NQXH??KJ
?????????????????NQXH??KJ
?????????????????NQXH??KJ
?????????????????NQXH??KJ
?????????????????NQXH??KJ
?????????????????NQXH??KJ
?????????????????NQXH??KJ
?????????????????NQXH??KJ
?????????????????NQXH??KJ
?????????????????NQXH??KJ
?????????????????NQXH??KJ
?????????????????NQXH??KJ
?????????????????NQXH??KJ
?????????????????NQXH??KJ
?????????????????NQXH??KJ
?????????????????NQXH??KJ
KKKKKKKKKKKKKKKKKNQXHKKKJ
VVVVVVVVVVVVVVVVVNQXHVVTE
WWWWWWWWWWWWWWWWWNQXHWRTR
HHHHHHHHHHHHHHHHHNQXHLUTU
XXXXXXXXXXXXXXXXXNQXBIITZ
AAAAAAAAAAAAAAAAANQACOGTO
YYYYYYYYYYYYYYYYYNQDCYGTY
NNNNNNNNNNNNNNNNNNQDCGGTF
SSSSSSSSSSSSSSSSSSSSPPPTM
Case #22:
XXJXXXXXXXXXXFFFFFFFFFFFF
CCJCCCCCCCCCCCCCCCCCCCCCC
??J????H????X???????????C
??J????H????X???????????C
JJJHHHHHHHHHHHHHHHHHHHHHH
?NJ????H??V?????Q????????
QNQQQQQQQQVQQQQQQQQQQQQQQ
DNDDDDDDDDVDDDDDDDDDDDDDD
YNYYYYYYYYVYYYYYYYYYYYYYY
NNVVVVVVVVVIIIIIIIIIIIIII
GAAAAAAAAAAAAAAAAAAAAAAAA
SSSSSSSSSSSSSSSSSSSSSSSSS
???M???????????????????B?
BBBMBBBBBBBBBBBBBBBBBBBBB
ZZZMZZZZZZZZZZZZZZZZZZZZZ
???M?????????Z????E??????
EEEMEEEEEEEEEEEEEEEEEEEEE
MMMMLLLLLLLLLLLLLLLLLLLLL
UUUOOOOOOOOOOOOOOOOOOOOOO
KKKKKKKKKKKKKKKKKKKKKKKKK
WWWWWWWWWWWWWWWWWWWRWWWWW
PPPPPPPPPPPPPPPPPPPRPPPPP
????T??????????????R?????
????T??????????????R?????
TTTTTRRRRRRRRRRRRRRRRRRRR
Case #23:
??????????V???????E?IOJ??
??????????V???????E?IOJ??
??????????V???????E?IOJ??
??????????V???????E?IOJ??
??????????V???????E?IOJ??
??????????V???????E?IOJ??
??????????V???????E?IOJ??
??????????V???????E?IOJ??
??????????V???????E?IOJ??
??????????V???????E?IOJ??
??????????V???????E?IOJ??
??????????V???????E?IOJ??
??????????V???????E?IOJ??
IIIIIIIIIIVIIIIIIIEIIOJOO
UUUUUUUUUUVUUUUUUUEUMMJMM
RRRRRRRRRRVRRRRRRRERKHJRR
BBBBBBBBBBVBBBBBBBEKKHJJJ
NNNNNNNNNNVNNNNNNGENZTTTT
??????????V??????GEAFH?Q?
QQQQQQQQQQVQQQQQQGEAFQQQQ
GGGGGGGGGGVGGGGGGGEAFWWWW
PPPPPPPPPPVPPPPPPPPPPPPPP
XXXXXXXXXXVXXXXXDDDDDDDDD
VVVVVVVVVVVSSSSSSYSLSSSSS
CCCCCCCCCCCCCCCYYYLLLLLLL
Case #24:
ABCDEFGHIJKLMNOPQRSTUVWXY
ABCDEFGHIJKLMNOPQRSTUVWXY
ABCDEFGHIJKLMNOPQRSTUVWXY
ABCDEFGHIJKLMNOPQRSTUVWXY
ABCDEFGHIJKLMNOPQRSTUVWXY
ABCDEFGHIJKLMNOPQRSTUVWXY
ABCDEFGHIJKLMNOPQRSTUVWXY
ABCDEFGHIJKLMNOPQRSTUVWXY
ABCDEFGHIJKLMNOPQRSTUVWXY
ABCDEFGHIJKLMNOPQRSTUVWXY
ABCDEFGHIJKLMNOPQRSTUVWXY
ABCDEFGHIJKLMNOPQRSTUVWXY
ABCDEFGHIJKLMNOPQRSTUVWXY
ABCDEFGHIJKLMNOPQRSTUVWXY
ABCDEFGHIJKLMNOPQRSTUVWXY
ABCDEFGHIJKLMNOPQRSTUVWXY
ABCDEFGHIJKLMNOPQRSTUVWXY
ABCDEFGHIJKLMNOPQRSTUVWXY
ABCDEFGHIJKLMNOPQRSTUVWXY
ABCDEFGHIJKLMNOPQRSTUVWXY
ABCDEFGHIJKLMNOPQRSTUVWXY
ABCDEFGHIJKLMNOPQRSTUVWXY
ABCDEFGHIJKLMNOPQRSTUVWXY
ABCDEFGHIJKLMNOPQRSTUVWXY
ABCDEFGHIJKLMNOPQRSTUVWXY
Case #25:
?I???????????L???????????
IIIIIIIIIIIIILIIIIIIIIIII
UUUUUUUUUUUUULUUUUUUUUUUU
U?Y??????????L???????????
U?Y??????????L???????????
YYYLLLLLLLLLLLLLLLLLLLLLL
CEEEEEEEEERRRRRRRRRRRRRRR
CMMMMMMMMMMMMMMMMMMMMMMBM
CNNNNNNNDNNNXNNNNNNNNNNBN
C???T???D???X????????R?B?
TTTTTDDDDXXXXBBBBBBBBBBBB
GGGPGGGGGGGGGGGGGGGGGGGGG
PPPPQQQQQQQQQQQQQQQQQQQQQ
FFFFFFFFFFFFFFFFFFFFFFFFF
???P????F???X???????S????
SSSSSSSSSSSSSSSSSSSSSSSSS
???P???O????????????S????
OOOOOOOOOOOOOOOOOOOOOOOOO
AAAAAAAAAAAAAAAAAAAAAAAAA
???P???H?????A???????K???
HHHHHHHHKKKKKKKKKKKKKKKKK
WWWWWWWWWWWWWWWWWWWWWWWWW
JJJJJJJJJJJJJJJJJJJJJJJJJ
VVVVVVVVVVVVVVVVVVVVVVVVV
Case #26:
AB
Case #27:
MLAJ?
MLAJL
KIAJA
GCHJJ
BNOOO
EFFFF
DDDDD
Case #28:
ABCDEFGHIJKLMNOPQRSTUVWXY
ABCDEFGHIJKLMNOPQRSTUVWXY
ABCDEFGHIJKLMNOPQRSTUVWXY
ABCDEFGHIJKLMNOPQRSTUVWXY
ABCDEFGHIJKLMNOPQRSTUVWXY
ABCDEFGHIJKLMNOPQRSTUVWXY
ABCDEFGHIJKLMNOPQRSTUVWXY
ABCDEFGHIJKLMNOPQRSTUVWXY
ABCDEFGHIJKLMNOPQRSTUVWXY
ABCDEFGHIJKLMNOPQRSTUVWXY
ABCDEFGHIJKLMNOPQRSTUVWXY
ABCDEFGHIJKLMNOPQRSTUVWXY
ABCDEFGHIJKLMNOPQRSTUVWXY
ABCDEFGHIJKLMNOPQRSTUVWXY
ABCDEFGHIJKLMNOPQRSTUVWXY
ABCDEFGHIJKLMNOPQRSTUVWXY
ABCDEFGHIJKLMNOPQRSTUVWXY
ABCDEFGHIJKLMNOPQRSTUVWXY
ABCDEFGHIJKLMNOPQRSTUVWXY
ABCDEFGHIJKLMNOPQRSTUVWXY
ABCDEFGHIJKLMNOPQRSTUVWXY
ABCDEFGHIJKLMNOPQRSTUVWXY
ABCDEFGHIJKLMNOPQRSTUVWXY
ABCDEFGHIJKLMNOPQRSTUVWXY
ABCDEFGHIJKLMNOPQRSTUVWXY
Case #29:
A????B????????????H??????
A????B????????????H??????
A????B????????????H??????
A????B????????????H??????
ABBBBBBBBBBBBBBBBBHBBBBBB
CCCCCCCCCCCCCCCCCCHCCCCCC
DDDDDDDDDDDDDDDDDDHDDDDDD
EEEEEEEEEEEEEEEEEEHEEEEEE
?E???????????????FH??????
?E???????????????FH??????
?E???????????????FH??????
?E???????????????FH??????
?E???????????????FH??????
?E???????????????FH??????
?E???????????????FH??????
?E???????????????FH??????
FFFFFFFFFFFFFFFFFFHHHHHHH
JJJJJJJJJJJJJJJJJGJJJJJJJ
?????????????????G?IJ????
?????????????????G?IJ????
?????????????????G?IJ????
GGGGGGGGGGGGGGGGGGIIIIIII
?????????????????G?I?????
?????????????????G?I?????
?????????????????G?I?????
Case #30:
???????????????TP?VMBR???
???????????????TP?VMBR???
???????????????TP?VMBR???
???????????????TP?VMBR???
???????????????TP?VMBR???
???????????????TP?VMBR???
???????????????TP?VMBR???
???????????????TP?VMBR???
???????????????TP?VMBR???
???????????????TP?VMBR???
???????????????TP?VMBR???
???????????????TP?VMBR???
???????????????TP?VMBR???
???????????????TP?VMBR???
???????????????TP?VMBR???
TTTTTTTTTTTTTTTTPMVMBRRRR
WWWWWWWWWWWWWWWWNNVZYYYYY
JJJJJJJJJJJJJJJHHHFCUUXUU
EEEEEEEEEEEEEEEQEEFLKKXXX
QQQQQQQQQQQQQQQQAIFGGGGGG
SSSSSSSSSSSSSSSSSIFOOOOOO
DDDDDDDDDDDDDDDDDDDDDDDDD
???????????????QSIDO??X??
???????????????QSIDO??X??
???????????????QSIDO??X??
Case #31:
CB
AA
Case #32:
AAAAAAAAAAAAAAAAAAAAAAAAA
BBBBBBBBBBBBBBBBBBBBBBBBB
CCCCCCCCCCCCCCCCCCCCCCCCC
DDDDDDDDDDDDDDDDDDDDDDDDD
EEEEEEEEEEEEEEEEEEEEEEEEE
FFFFFFFFFFFFFFFFFFFFFFFFF
GGGGGGGGGGGGGGGGGGGGGGGGG
HHHHHHHHHHHHHHHHHHHHHHHHH
IIIIIIIIIIIIIIIIIIIIIIIII
JJJJJJJJJJJJJJJJJJJJJJJJJ
KKKKKKKKKKKKKKKKKKKKKKKKK
LLLLLLLLLLLLLLLLLLLLLLLLL
MMMMMMMMMMMMMMMMMMMMMMMMM
NNNNNNNNNNNNNNNNNNNNNNNNN
OOOOOOOOOOOOOOOOOOOOOOOOO
PPPPPPPPPPPPPPPPPPPPPPPPP
QQQQQQQQQQQQQQQQQQQQQQQQQ
RRRRRRRRRRRRRRRRRRRRRRRRR
SSSSSSSSSSSSSSSSSSSSSSSSS
TTTTTTTTTTTTTTTTTTTTTTTTT
UUUUUUUUUUUUUUUUUUUUUUUUU
VVVVVVVVVVVVVVVVVVVVVVVVV
WWWWWWWWWWWWWWWWWWWWWWWWW
XXXXXXXXXXXXXXXXXXXXXXXXX
YYYYYYYYYYYYYYYYYYYYYYYYY
Case #33:
VFFFFFFFFFFKFFFFFFFFFSFFF
V??O???????K???F?????S???
V??O???????K???F?????S???
VOOOOOOOOOOKOOOOOOOOOSOOO
VC?O???????K?????????S???
CCCCCCCCCCCKCCCCCCCCCSCCC
GGGGGGGDGGGKGGGGGGSSSSSSS
???????D???K?????G???SN??
NNNNNNNDNNNKNNNNNNNNNNNNN
DDDDDDDDQQQKQQQQQQQQQQQQQ
YYYYYYYYYYYKMMMMMMMMMMMMM
????A?????YK??????M??????
AAAAAAAAAAAKAAAAAAAAAAAAA
WWWWXXXXZXXKXXXXXXXXXXXXX
???W????Z??K????X????H???
HHHHHHHHZHHKHHHHHHHHHHHHH
???B????Z??K?????????H???
BBBBBBBBZBBKBBBBBBBBBBBBB
JJJTJJJJZJJKJJJJJJJJJJJJJ
TTTTZZZZZEEKEEEEEEEEEEEEE
LLLLLLLLLLLKLLLLLLLLLLLLL
PPPPPPPPPPPKPPPPPPPPPPPPP
???TU??????K??I?????????P
UUUUUUUUUUUKUUIUUUUUUUUUU
RRRRRRRRRRRKIIIIIIIIIIIII
Case #34:
??????A????B?????????????
??????A????B?????????????
??????A????B?????????????
??????A????B?????????????
??????A????B?????????????
??????A????B?????????????
??????A????B?????????????
??????A????B?????????????
??????A????B?????????????
??????A????B?????????????
??????A????B?????????????
??????A????B?????????????
??????A????B?????????????
??????A????B?????????????
??????A????B?????????????
??????A????B?????????????
??????A????B?????????????
AAAAAAABBBBBBBBBBBBBBBBBB
CCCCCCCCCCCCCCCCCCCCCCCCC
DDDDDDDDDDDDDDDDDDDDDDDDD
EEEEEEEEEEEEEEEEEEEEEEEEE
???????E?????????????????
???????E?????????????????
???????E?????????????????
???????E?????????????????
Case #35:
AAAAAAAAAAAAAAAAAAAAAAAAA
BBBBBBBBBBBBBBBBBBBBBBBBB
CCCCCCCCCCCCCCCCCCCCCCCCC
DDDDDDDDDDDDDDDDDDDDDDDDD
EEEEEEEEEEEEEEEEEEEEEEEEE
FFFFFFFFFFFFFFFFFFFFFFFFF
GGGGGGGGGGGGGGGGGGGGGGGGG
HHHHHHHHHHHHHHHHHHHHHHHHH
IIIIIIIIIIIIIIIIIIIIIIIII
JJJJJJJJJJJJJJJJJJJJJJJJJ
KKKKKKKKKKKKKKKKKKKKKKKKK
LLLLLLLLLLLLLLLLLLLLLLLLL
MMMMMMMMMMMMMMMMMMMMMMMMM
NNNNNNNNNNNNNNNNNNNNNNNNN
OOOOOOOOOOOOOOOOOOOOOOOOO
PPPPPPPPPPPPPPPPPPPPPPPPP
QQQQQQQQQQQQQQQQQQQQQQQQQ
RRRRRRRRRRRRRRRRRRRRRRRRR
SSSSSSSSSSSSSSSSSSSSSSSSS
TTTTTTTTTTTTTTTTTTTTTTTTT
UUUUUUUUUUUUUUUUUUUUUUUUU
VVVVVVVVVVVVVVVVVVVVVVVVV
WWWWWWWWWWWWWWWWWWWWWWWWW
XXXXXXXXXXXXXXXXXXXXXXXXX
YYYYYYYYYYYYYYYYYYYYYYYYY
Case #36:
?A
AA
Case #37:
????????A????B???????????
????????A????B???????????
????????A????B???????????
????????A????B???????????
????????A????B???????????
????????A????B???????????
????????A????B???????????
????????A????B???????????
????????A????B???????????
????????A????B???????????
????????A????B???????????
????????A????B???????????
????????A????B???????????
????????A????B???????????
AAAAAAAAABBBBBBBBBBBBBBBB
CCCCCCCCCCCCCCCCCCCCCCCCC
DDDDDDDDDDDDDDDDDDDDDDDDD
EEEEEEEEEEEEEEEEEEEEEEEEE
?????????E???????????????
?????????E???????????????
?????????E???????????????
?????????E???????????????
?????????E???????????????
?????????E???????????????
?????????E???????????????
Case #38:
GGSCCIEVFRFFZZBQXXXAYNNTT
JJMMKKKVRRLWWPDQHHHOUUUUU
Case #39:
??AC?????????????????G???
??AC?????????????????G???
AAACCCCCCCCCCCCCCCCCCGCCC
EEBEEEEEEEEEEEEEEEEEEGEEE
??B?DE???????????????G???
??B?DE???????????????G???
??B?DE???????????????G???
BBBDDDDDDDDDDDDDDDDDDGDDD
??B?D???????????F????G???
??B?D???????????F????G???
??B?D???????????F????G???
??B?D???????????F????G???
??B?D???????????F????G???
??B?D???????????F????G???
??B?D???????????F????G???
??B?D???????????F????G???
??B?D???????????F????G???
??B?D???????????F????G???
??B?D???????????F????G???
FFFFFFFFFFFFFFFFFGGGGGGGG
HHHHHHHHHHHHHHHHHHHHHHHHH
IIIIIIIIIIIIIIIIIIIIIIIII
JJJJJJJJJJJJJJJJJJJJJJJJJ
??B??????????????J???????
??B??????????????J???????
Case #40:
???L??Y?????W????????????
???L??Y?????W????????????
???L??Y?????W????????????
???L??Y?????W????????????
???L??Y?????W????????????
???L??Y?????W????????????
???L??Y?????W????????????
???L??Y?????W????????????
???L??Y?????W????????????
???L??Y?????W????????????
???L??Y?????W????????????
???L??Y?????W????????????
???L??Y?????W????????????
YYYLYYYYYYYYWYYYYYYYYYYYY
LLLLEPEEREEEWEEEEEEEEEEEE
HHHHHPRRRRRRWRRRRRRRRRRRR
OOOVVVVVVVVVWVVVVVVVVVVVV
ZIIIIIIIIIIIWIIIIIIIIIIII
AAAAABBBBBWWWWWWWWWWWWWWW
FFKKKKKKKKJJJJJJJJJJJJJJJ
SSCCCCDDDDDDDDDDDDDDDDDDD
GGGGGGGGNNXNNNNNNNNNNNNNN
MMMMMMMMUMXMMMMMMMMMMMMMM
TTUUUUUUUXXXXXXXXXXXXXXXX
QQQQQQQQQQQQQQQQQQQQQQQQQ
Case #41:
?ECY?H???????????????????
?ECY?H???????????????????
?ECY?H???????????????????
CECYYHYYYYYYYYYYYYYYYYYYY
RERRHHHHHHHHHHHHHHHHHHHHH
EETTXTTTTTTTTTTTTTTTTTTTT
BZNBXXXXXXXXXXXXXXXXXXXXX
ZZNWLLLLLLLLLLLLLLLLLLLLL
PPPSSSSSMMMMMMMMMMMMMMMMM
?ZP?Q??S?K?D?????????????
DDDDQDDDDKDDDDDDDDDDDDDDD
KKKKQKKKKKIIIIIIIIIIIIIII
QQQQQOOOOOOOOOOOOOOOOOOOO
FFFFFJJJJJJJJJJJJJJJJJJJJ
GGGGGGUUUUUUUUUUUUUUUUUUU
AAAAAAAAAAAAAAAAAAAAAAAAA
?ZV??AU???I??????????????
?ZV??AU???I??????????????
VVVVVVVVVVVVVVVVVVVVVVVVV
?ZV???U???I??????????????
?ZV???U???I??????????????
?ZV???U???I??????????????
?ZV???U???I??????????????
?ZV???U???I??????????????
?ZV???U???I??????????????
Case #42:
AAAAAAAAAAAAAAAAAAAAAAAAA
?????A???????????????????
?????A???????????????????
?????A???????????????????
?????A???????????????????
?????A???????????????????
?????A???????????????????
?????A???????????????????
?????A???????????????????
?????A???????????????????
?????A???????????????????
?????A???????????????????
?????A???????????????????
?????A???????????????????
?????A???????????????????
?????A???????????????????
?????A???????????????????
?????A???????????????????
?????A???????????????????
?????A???????????????????
?????A???????????????????
?????A???????????????????
?????A???????????????????
?????A???????????????????
?????A???????????????????
Case #43:
??C??
CCCCC
AAAAA
BBBBB
???B?
Case #44:
?A?FMPR??????????????????
?A?FMPR??????????????????
?A?FMPR??????????????????
?A?FMPR??????????????????
?A?FMPR??????????????????
?A?FMPR??????????????????
?A?FMPR??????????????????
?A?FMPR??????????????????
?A?FMPR??????????????????
AAAFMPRAAAAAAAAAAAAAAAAAA
JUUFMPRUUUUUUUUUUUUUUUUUU
TTEFMPRTTTTTTTTTTTTTTTTTT
CEEFMPRFFFFFFFFFFFFFFFFFF
QGNGMPRGGGGGGGGGGGGGGGGGG
LLNZMPRPPPPPPPPPPPPPPPPPP
DDNBMYRRRRRRRRRRRRRRRRRRR
KOWIXXXXXXXXXXXXXXXXXXXXX
KOWVVVVVVVVVVVVVVVVVVVVVV
SOWHHHHHHHHHHHHHHHHHHHHHH
SOWHXYR??????????????????
SOWHXYR??????????????????
SOWHXYR??????????????????
SOWHXYR??????????????????
SOWHXYR??????????????????
SOWHXYR??????????????????
Case #45:
AC???????????????????????
AC???????????????????????
AC???????????????????????
AC???????????????????????
ACCCCCCCCCCCCCCCCCCCCCCCC
BEEEEEEEEEEEEEEEEEEEEEEEE
B?DE?????????????????????
B?DE?????????????????????
B?DE?????????????????????
BDDDDDDDDDDDDDDDDDDDDDDDD
B?D??????????????????????
B?D??????????????????????
B?D??????????????????????
B?D??????????????????????
B?D??????????????????????
B?D??????????????????????
B?D??????????????????????
B?D??????????????????????
B?D??????????????????????
B?D??????????????????????
B?D??????????????????????
B?D??????????????????????
B?D??????????????????????
B?D??????????????????????
B?D??????????????????????
Case #46:
?????????????????E?B?????
?????????????????E?B?????
EEEEEEEEEEEEEEEEEEBBBBBBB
?????????????????E?B?L???
?????????????????E?B?L???
LLLLLLLLLLLLLLLLLLLLLLLLL
FFFFFFFFFFFFFFFFFFFFFFFFF
DDDDDDDDDDDDDDDDDDDDDDDDD
MMMMMMMMMMMMMMMMMMMMMMMMM
GGGGGGGGGGGGGGGGGGGGGGGGG
HHHHHHHHHHHHHHHHHHHHHHHHH
VVVTTTTTTTTTTTTTTTTTTTTTT
SSSSUSSSSSSSSSSSSSSSSSSSS
KKKKUKKKKKKKKKKKKKKKKKKKK
OOOOUOOOOOOOOOOOOOOWOOROO
UUUUUCCCCCCCCCCCCCCWCCRCC
ZZZZZZZZNNNNNNNNNNNWNNRNN
AAAAAAAAAAAAAAAAAAAWAARAA
IIIIIIIIIIIIIIIIIWWWRRRRR
QQQQQQQQQQQQQQQQQQQQQQQQQ
XXXXXXXXXXXXXXXXXXXXXXXXX
PPPPPPPPPPPPPPPPPPPPPPPPP
YYYYYYYYYYYYYYYYYYYYYYYYY
?????????????????J????R??
JJJJJJJJJJJJJJJJJJJJJJJJJ
Case #47:
?????????Z???V???????T???
?????????Z???V???????T???
ZZZZZZZZZZZZZVZZZZZZZTZZZ
NNNNNNNNNNNNVVVVVVVVVTVVV
XXXXXXXXXDDDDDDDDDDDDTTTT
????????XH??????????JT?G?
HHHHHHHHHHHHHHHHHHHHJHHGH
?????????HI?????????JT?G?
IIIIIIIIIIIIIIIIIIIIJIIGI
LLLLLLLLLLLLLLLLLLLLJLLGL
YYYYYYYYYYYYYYYFYMYYJYYGY
?Y??U??????????F?M??JT?G?
?Y??U??????????F?M??JT?G?
UUUUUFFFFFFFFFFFFMFFJFFGF
OOOOOOOOOOOOOPPPMMJJJGGGG
KKKKKKKKKAAAAAAAAAAAAAAAA
CCCCCCCCCCCCCCCCCCCCCCCCC
BBBBBBBBBBBBBBBBBBBBBBWBB
????S??????????P??????W??
SSSSSWWWWWWWWWWWWWWWWWWWW
????S??????????PR?????W??
????S??????????PR?????W??
RRRRRRRRRRRRRRRRRRRRRRRRR
QQQQQQQQQQQQQQQQQQQQQQQQQ
EEEEEEEEEEEEEEEEEEEEEEEEE
Case #48:
BBBB
A???
A???
AAAA
Case #49:
HHHHHHHHHHHHHHHHHHHHHHHHH
Y??????????????????W?????
YWWWWWWWWWWWWWWWWWWWWWWWW
YEEEEEEEEEEEEEEEEEEEEEEEE
Y????????V????????????E??
YVVVVVVVVVVVVVVVVVVVVVVVV
JMJJJJJJJJJJJJJJJJJJJJJJJ
SMSSSSSSSSSSSSSSSSSSSSKSS
MMLRRRRRRRRRRRRRRRRRRRKKK
XXXXXXXXXXXXXXXXXXXXXXXXX
?ML????????????T?????R?X?
TTTTTTTTTTTTTTTTTTTTTTTTT
?M???????G?????T????O????
GGGGGGGGGGOOOOOOOOOOOOOOO
?M??F???ZGN?????????O????
FFFFFFFFZFNFFFFFFFFFFFFFF
QQQQQQQQZQNQQQQQQQQQQQQQQ
IIIIIBIIZINCIIIIIIIIIIIII
?????B??Z?NCD???I????????
?????B??Z?NCD???I????????
?????B??Z?NCD???I????????
CCCCCBCCZCNCDDDDDDDDDDDDD
?????B??Z?NPD??????A?????
BBBBBBZZZNNPAAAAAAAAAAAAA
UUUUUUUUUUUUUUUUUUUUUUUUU
Case #50:
?R???????????????????????
?R???????????????????????
?R???????????????????????
?R???????????????????????
?R???????????????????????
?R???????????????????????
?R???????????????????????
?R???????????????????????
?R???????????????????????
?R???????????????????????
?R???????????????????????
RRRRRRRRRRRRRRRRRRRRRRRRR
VVVVVVVVVVVVVVVVVVVVVVVVV
?X???????????????????????
XXXXXXXXXXXXXXXXXXXXXXXXX
SSASSSSSSSSSSSSSSSSSSSSSS
AAAKKKKYKKKKKKKKKKKKKKKKK
LPPPMYYYYYYYYYYYYYYYYYYYY
JBWJDJFJJJJJJJJJJJJJJJJJJ
DBWDDZFFFFFFFFFFFFFFFFFFF
IBWITIIINIIIIIIIIIIIIIIII
LBWPTZ??NEI??????????????
BBWTTNNNNEEEEEEEEEEEEEEEE
UUWCCQQQQQQQQQQQQQQQQQQQQ
GOOOOHHHHHHHHHHHHHHHHHHHH
Case #51:
JGBKEDIICCFLHHMMAAAAAAAAA
Case #52:
AAAAAAAAAAAAAAAAAAAAAAAAA
BBBBBBBBBBBBBBBBBBBBBBBBB
CCCCCCCCCCCCCCCCCCCCCCCCC
DDDDDDDDDDDDDDDDDDDDDDDDD
EEEEEEEEEEEEEEEEEEEEEEEEE
FFFFFFFFFFFFFFFFFFFFFFFFF
GGGGGGGGGGGGGGGGGGGGGGGGG
HHHHHHHHHHHHHHHHHHHHHHHHH
IIIIIIIIIIIIIIIIIIIIIIIII
JJJJJJJJJJJJJJJJJJJJJJJJJ
KKKKKKKKKKKKKKKKKKKKKKKKK
LLLLLLLLLLLLLLLLLLLLLLLLL
MMMMMMMMMMMMMMMMMMMMMMMMM
NNNNNNNNNNNNNNNNNNNNNNNNN
OOOOOOOOOOOOOOOOOOOOOOOOO
PPPPPPPPPPPPPPPPPPPPPPPPP
QQQQQQQQQQQQQQQQQQQQQQQQQ
RRRRRRRRRRRRRRRRRRRRRRRRR
SSSSSSSSSSSSSSSSSSSSSSSSS
TTTTTTTTTTTTTTTTTTTTTTTTT
UUUUUUUUUUUUUUUUUUUUUUUUU
VVVVVVVVVVVVVVVVVVVVVVVVV
WWWWWWWWWWWWWWWWWWWWWWWWW
XXXXXXXXXXXXXXXXXXXXXXXXX
YYYYYYYYYYYYYYYYYYYYYYYYY
Case #53:
????K???I?W??????????????
????K???I?W??????????????
????K???I?W??????????????
????K???I?W??????????????
????K???I?W??????????????
????K???I?W??????????????
????K???I?W??????????????
????K???I?W??????????????
????K???I?W??????????????
KKKKKKKKIKWKKKKKKKKKKKKKK
G??LK???I?W??????????????
G??LK???I?W??????????????
G??LK???I?W??????????????
GGGLGGGGIGWGGGGGGGGGGGGGG
OOOLLLLLILWLLLLLLLLLLLLLL
?QOL????IHW??????????????
HQHHHHHHIHWWWWWWWWWWWWWWW
QQNNNNCCIPCCCCCCCCCCCCCCC
VSASSSIIIPFFFFFFFFFFFFFFF
VAAUBBBBBBBBBBBBBBBBBBBBB
VXXZEEEEEEEEEEEEEEEEEEEEE
MMMRRRRRRRRRRRRRRRRRRRRRR
YYYDDDDDDDDDDDDDDDDDDDDDD
JJJJJTTTTTTTTTTTTTTTTTTTT
V???JT???PF??????????????
Case #54:
????O?????????????????N?C
OOOOOOOOOOOOOOOOOOOOOONOC
BBIBBBBBBNNNNNNNNNNNNNNCC
IIIRRRGGGGGGGGGGGGGGGGGGG
QQQQQQQQQQQXXXXXXXXXXXXXX
SSHHHHHHHHHHHHHHHHHHHHHHH
?S???P?????U?H???????????
UUUUUPUUUUUUUUUUUUUUUUUUU
?????P??E??U?????????????
?????P??E??U?????????????
EEEEEPEEEEEEEEEEEEEEEEEEE
?????PD?E???????F????????
PPPPPPDFFFFFFFFFFFFFFFFFF
JJJJJJJJJJJJJJJJJJJJJJJJJ
?????P???A?????J?????????
AAAAAAAAAAAAAAAAAAAAAAAAA
TTTTTTTTTTTTTTTTTTTTTTTTT
VVVVVVVVVVVVVVVVVVKVVVVVV
?????W?????V??????K??????
WWWWWWWWWWWWWWWWWWKWWWWWW
ZZZZZZZZZZZZZZZZZZKZZZZZZ
YYYYYYYYYYYYKKKKKKKKKKKKK
LLLLLLLLLLLLLLLLLLLLLLLLL
MMMMMMMMMMMMMMMMMMMMMMMMM
????????????M????????????
Case #55:
???????????????????A????B
???????????????????A????B
???????????????????A????B
???????????????????A????B
???????????????????A????B
???????????????????A????B
???????????????????A????B
???????????????????A????B
???????????????????A????B
AAAAAAAAAAAAAAAAAAAABBBBB
CCCCCCCCCCCCCCCCCCCCCCCCC
DDDDDDDDDDDDDDDDDDDDDDDDD
EEEEEEEEEEEEEEEEEEEEEEEEE
????????????????????E????
????????????????????E????
????????????????????E????
????????????????????E????
????????????????????E????
????????????????????E????
????????????????????E????
????????????????????E????
????????????????????E????
????????????????????E????
????????????????????E????
????????????????????E????
Case #56:
??????????????????N?RBZFX
??????????????????N?RBZFX
FFFFFFFFFFFFFFFFFFNFRBZFX
AAAAAAAAAAAAAAAAAANARBZAS
BBBBBBBBBBBBBBBBBBNBRBZTS
RRRRRRRRRRRRRRRRRRNRRVZQO
NNNNNNNNNNNNNNNNNNNCKCCCO
MMMMMMMMMMMMMMMMMMMYKMMMO
YYYYYYYYYYYYYYYYYYYYKEEPP
WWWWWWWWWWWWWWWWWWWWWWJJD
UUUUUUUUUUUUUUUUUUUUUUUUD
HHHHHHHHHHHHHHHHHHHHHHHLL
GGGGGGGGGGGGGGGGGGGGGGGGG
??????????????????NY?W?GI
IIIIIIIIIIIIIIIIIIIIIIIII
??????????????????NY?W??I
??????????????????NY?W??I
??????????????????NY?W??I
??????????????????NY?W??I
??????????????????NY?W??I
??????????????????NY?W??I
??????????????????NY?W??I
??????????????????NY?W??I
??????????????????NY?W??I
??????????????????NY?W??I
Case #57:
?A?
?A?
AAA
?A?
?A?
Case #58:
ABCDEFGHIJKLMNOPQRSTUVWXY
ABCDEFGHIJKLMNOPQRSTUVWXY
ABCDEFGHIJKLMNOPQRSTUVWXY
ABCDEFGHIJKLMNOPQRSTUVWXY
ABCDEFGHIJKLMNOPQRSTUVWXY
ABCDEFGHIJKLMNOPQRSTUVWXY
ABCDEFGHIJKLMNOPQRSTUVWXY
ABCDEFGHIJKLMNOPQRSTUVWXY
ABCDEFGHIJKLMNOPQRSTUVWXY
ABCDEFGHIJKLMNOPQRSTUVWXY
ABCDEFGHIJKLMNOPQRSTUVWXY
ABCDEFGHIJKLMNOPQRSTUVWXY
ABCDEFGHIJKLMNOPQRSTUVWXY
ABCDEFGHIJKLMNOPQRSTUVWXY
ABCDEFGHIJKLMNOPQRSTUVWXY
ABCDEFGHIJKLMNOPQRSTUVWXY
ABCDEFGHIJKLMNOPQRSTUVWXY
ABCDEFGHIJKLMNOPQRSTUVWXY
ABCDEFGHIJKLMNOPQRSTUVWXY
ABCDEFGHIJKLMNOPQRSTUVWXY
ABCDEFGHIJKLMNOPQRSTUVWXY
ABCDEFGHIJKLMNOPQRSTUVWXY
ABCDEFGHIJKLMNOPQRSTUVWXY
ABCDEFGHIJKLMNOPQRSTUVWXY
ABCDEFGHIJKLMNOPQRSTUVWXY
Case #59:
JJJJJJJJJJJJJJXJJJJJJJJJJ
?????????J?M??X??????????
MMMMMMMMMMMMXXXXXXXXXXXXX
WWWWWWWWWWWWWWWWWWWWWWWWW
?W?K??????????X??????????
?W?K??????????X??????????
KKKKKKKKKKKKKKKKKKKKKKKKK
VVVVVVVVVVHVVVVVVVVVVVVVV
??????????H???????????ZV?
HHHHHHHHHHHZZZZZZZZZZZZZZ
NNUUUUUUUUUUUPPPPPPPPPPPP
QQQQQQQQQQQQQQQQQQQQQQQQQ
????Q???????????????PT???
????Q???????????????PT???
TTTTTTTTTTTTTTTTTTTTTTTTT
OOOOOOOOOOOOOOOOOOOOOOOOO
?????E????O???????????F??
EEEEEEFFFFFFFFFFFFFFFFFFF
AAAAAAAAAAAAARRRRRRRRRRRR
LLLLLLLLLLLLBLLLLLLLLLLLL
????????????B?????S??????
BBBBBBBBBBBBBSSSSSSSSSSSS
IIIIIIIIIIIYYYYYYYYYYYYYY
GGGGGGGGGGGCCCCCCCCCCCCCC
DDDDDDDDDDDDDDDDDDDDDDDDD
Case #60:
???????????AC????????????
???????????AC????????????
???????????AC????????????
???????????AC????????????
???????????AC????????????
???????????AC????????????
AAAAAAAAAAAACCCCCCCCCCCCC
EEEEEEEEEEEBEEEEEEEEEEEEE
???????????B?DE??????????
???????????B?DE??????????
???????????B?DE??????????
BBBBBBBBBBBBDDDDDDDDDDDDD
???????????B?D???????????
???????????B?D???????????
???????????B?D???????????
???????????B?D???????????
???????????B?D???????????
???????????B?D???????????
???????????B?D???????????
???????????B?D???????????
???????????B?D???????????
???????????B?D???????????
???????????B?D???????????
???????????B?D???????????
???????????B?D???????????
Case #61:
AAAA
?B?A
BBBB
Case #62:
????????????G?O?W????E???
????????????G?O?W????E???
????????????G?O?W????E???
????????????G?O?W????E???
????????????G?O?W????E???
????????????G?O?W????E???
????????????G?O?W????E???
????????????G?O?W????E???
????????????G?O?W????E???
????????????G?O?W????E???
GGGGGGGGGGGGGOOOWOOOOEOOO
MMMMMMMMMMJMMMMMWMMMMEMMM
??????????J?G?F?WM???E???
JJJJJJJJJJJFFFFFWFFFFEFFF
LLLLLLLLLLUUYXXKWXXXXEXXX
SSSSSSSSPPPPPPPKWCVPPEPPP
QQQQQQQQHHHHHVVKWCVEEEEEE
ZZZZZZZZZZZZBBKKWCDDDDDDD
AAAAAAAAAAAAAAAAARAAAAAAA
NNNNNNNNNNNNTTTTTRRRRRRRR
???????????N?I?KTRD??E???
IIIIIIIIIIIIIIIIIIIIIIIII
?????????????I?K?RD??E???
?????????????I?K?RD??E???
?????????????I?K?RD??E???
Case #63:
ZZZZZZZZZZMMMMMMMMMMMMMMM
?????????Z???Q???????U?M?
?????????Z???Q???????U?M?
QQQQQQQQQQQQQQQQQQQQQUQQQ
DDDDDDDDDDDDDDDDDDUUUUUUU
?????????????????D??KU???
KKKKKKKKKKKKKKKKKKKKKKKKK
???H????????????????K????
HHHHHHHHHHHHHHHHHHHHHHHHH
GGGGGGGGGRGGGGGGGGGGGGGGG
RRRRRRRRRROOOOOOOOOOOOOOO
??????P??RT?J??????OX????
PPPPPPPTTTTJJXXXXXXXXXXXX
S?????P???C?J???????V????
SCCCCCCCCCCVVVVVVVVVVVVVV
NNNNNNNNNNNNNNNNNNNNNNNNN
IIIIIIIIIIIIIIIIIIIIIIEII
BBBBBBBBBBBBBBBBBBBBBBEBB
AAAAAAAAAAAAEEEEEEEEEEEEE
YYYYYYYYYYYYYYYYYYYYYYYYY
??????Y????????L??????E??
LLLLLLLLLLLLLLLLLLLLLLLLL
FFFFFFFFFFFFFFFFFFFFFFFFF
F???????????W????????????
WWWWWWWWWWWWWWWWWWWWWWWWW
Case #64:
HKHHHNHHHHHHHHHHHHHHHHAHH
IKIIINIIIIIIIIIIIIIIIAAAA
EKEEENEEEEEEEEEEEEEEEEEEE
BKBBBNBBBBBBBBBBBBBBBBBBB
?K???N????T?????????????B
KKTTTNTTTTTTTTTTTTTTTTTTT
MMMMMNMMMMMMMMMMMMMMMMMMM
ZM???N????T???????????D??
ZDDDDNDDDDDDDDDDDDDDDDDDD
ZVVVVNVVVVVVVVVVVVVVVVVVV
WFFFFNFFFFFFFFFFFFFFFFFFF
Y????N????????P??F???????
Y????N????????P??F???????
YPPPPNPPPPPPPPPPPPPPPPPPP
GGNNNNLLQQQQQQQQQQQQQQQQQ
?G???N?L????????C???Q??X?
?G???N?L????????C???Q??X?
CCCCCCCCCCCCCCCCCXXXXXXXX
?G???N????O?????C??????X?
OOOOOOOOOOOOOOOOOOOOOOOOO
?G???N????O??U???????S?X?
SSSSSSSSSSSSSUSSSSSSSSSSS
?G???N???????U???????S??R
RRRRRRRRRRRRRURRRRRRRRRRR
UUUUUUUUUUUUUUJJJJJJJJJJJ
Case #65:
AAAAAAAAAAAAAAAAAAAAAAAAA
BBBBBBBBBBBBBBBBBBBBBBBBB
CCCCCCCCCCCCCCCCCCCCCCCCC
DDDDDDDDDDDDDDDDDDDDDDDDD
EEEEEEEEEEEEEEEEEEEEEEEEE
FFFFFFFFFFFFFFFFFFFFFFFFF
GGGGGGGGGGGGGGGGGGGGGGGGG
HHHHHHHHHHHHHHHHHHHHHHHHH
IIIIIIIIIIIIIIIIIIIIIIIII
JJJJJJJJJJJJJJJJJJJJJJJJJ
KKKKKKKKKKKKKKKKKKKKKKKKK
LLLLLLLLLLLLLLLLLLLLLLLLL
MMMMMMMMMMMMMMMMMMMMMMMMM
NNNNNNNNNNNNNNNNNNNNNNNNN
OOOOOOOOOOOOOOOOOOOOOOOOO
PPPPPPPPPPPPPPPPPPPPPPPPP
QQQQQQQQQQQQQQQQQQQQQQQQQ
RRRRRRRRRRRRRRRRRRRRRRRRR
SSSSSSSSSSSSSSSSSSSSSSSSS
TTTTTTTTTTTTTTTTTTTTTTTTT
UUUUUUUUUUUUUUUUUUUUUUUUU
VVVVVVVVVVVVVVVVVVVVVVVVV
WWWWWWWWWWWWWWWWWWWWWWWWW
XXXXXXXXXXXXXXXXXXXXXXXXX
YYYYYYYYYYYYYYYYYYYYYYYYY
Case #66:
AAAAAAAAAAAAAAALLLLLLLLLL
QQQQQQQQQQQQQQQKKKKKKKKKK
VVVVVVVVVVVVVVVVVSSSSSNNN
MMMMMMMMMMMMMMBBBBBBBZZZZ
IIIIIIIIIIIIIIIIIFIIIIIIO
HHHHHHHHHHHHHHHHHFFFFFFFO
YYYYYYYYYYYYYYYYYYYYYOOOO
EEEEEEEEEEEEEEEEEEEETTTTJ
XXXXXXXXXXXXXXXXXXXXDDDDD
UUUUUUUUUUUUUUUUUUUUUUUUU
PPPPPPPPPPPPPPPPPPPPPPPPP
????????????????H??X?RPWJ
RRRRRRRRRRRRRRRRRRRRRRWWW
GGGGGGGGGGGGGGGGGGGGGGGCC
????????????????H??X??GCJ
????????????????H??X??GCJ
????????????????H??X??GCJ
????????????????H??X??GCJ
????????????????H??X??GCJ
????????????????H??X??GCJ
????????????????H??X??GCJ
????????????????H??X??GCJ
????????????????H??X??GCJ
????????????????H??X??GCJ
????????????????H??X??GCJ
Case #67:
ABCDEFGHIJKLMNOPQRSTUVWXY
ABCDEFGHIJKLMNOPQRSTUVWXY
ABCDEFGHIJKLMNOPQRSTUVWXY
ABCDEFGHIJKLMNOPQRSTUVWXY
ABCDEFGHIJKLMNOPQRSTUVWXY
ABCDEFGHIJKLMNOPQRSTUVWXY
ABCDEFGHIJKLMNOPQRSTUVWXY
ABCDEFGHIJKLMNOPQRSTUVWXY
ABCDEFGHIJKLMNOPQRSTUVWXY
ABCDEFGHIJKLMNOPQRSTUVWXY
ABCDEFGHIJKLMNOPQRSTUVWXY
ABCDEFGHIJKLMNOPQRSTUVWXY
ABCDEFGHIJKLMNOPQRSTUVWXY
ABCDEFGHIJKLMNOPQRSTUVWXY
ABCDEFGHIJKLMNOPQRSTUVWXY
ABCDEFGHIJKLMNOPQRSTUVWXY
ABCDEFGHIJKLMNOPQRSTUVWXY
ABCDEFGHIJKLMNOPQRSTUVWXY
ABCDEFGHIJKLMNOPQRSTUVWXY
ABCDEFGHIJKLMNOPQRSTUVWXY
ABCDEFGHIJKLMNOPQRSTUVWXY
ABCDEFGHIJKLMNOPQRSTUVWXY
ABCDEFGHIJKLMNOPQRSTUVWXY
ABCDEFGHIJKLMNOPQRSTUVWXY
ABCDEFGHIJKLMNOPQRSTUVWXY
Case #68:
?????BW??E????Y??????????
?????BW??E????Y??????????
?????BW??E????Y??????????
?????BW??E????Y??????????
?????BW??E????Y??????????
?????BW??E????Y??????????
?????BW??E????Y??????????
?????BW??E????Y??????????
?????BW??E????Y??????????
?????BW??E????Y??????????
?????BW??E????Y??????????
?????BW??E????Y??????????
?????BW??E????Y??????????
?????BW??E????Y??????????
?????BW??E????Y??????????
EEEEEBWEEEEEEEYEEEEEEEEEE
?????BW?VEI???Y??????????
VVVVVBWVVIIIIIYIIIIIIIIII
MMMMMBWMMXHHHHYHHHHHHHHHH
BBBBBBWSFLKKKKYKKKKKKKKKK
NNNNNNQZFLCCRRYYYYYYYYYYY
UUUUUUJJGLAAAAAAAAAAAAAAA
OOOOOOOOPPPPPPPPPPPPPPPPP
DDDDDDDDDDDDDDDDDDDDDDDDD
TTTTTTTTTTTTTTTTTTTTTTTTT
Case #69:
?????I???????????????L?U?
IIIIIIIIIIIIIIIIIIIIILIUI
?????I?????D?????????L?U?
DDDDDDDDDDDDDDDDDDDDDLDUD
OOOOOOOOOOOOOOOOOOOOOLOUO
NNNNNNNNNNNGNNNNNNNLLLLUL
GGGGGGGGGGGGTTTTTTTTTTTUT
HHHHHHHHCCCCCCCCCCCCCCCUC
?????W?H????????C????J?U?
JJJJJWJJJJJJJJJJJJJJJJUUU
?????W?H??R??????????JQU?
RRRRRWRRRRRRRRRRRRRRRRQRR
WWWWWWEEEEEQQQQQQQQQQQQQQ
?????W???FE????????P??Q?S
?????W???FE????????P??Q?S
FFFFFFFFFFSSSSSSSSSPSSSSS
VVVVVVVVVKVVVVVVVVVPVVVVV
?????????K?????????P??XV?
?????????K?????????P??XV?
?????????K?????????P??XV?
KKKKKKKKKKPPPPPPPPPPXXXXX
YYYYYYYYYYYYYYYZZZZZZZZZZ
BBBBBBBBBBBBBBBBBBBBBBBBB
MMMMMMMMMMMMMMMMMMMMMMMMM
AAAAAAAAAAAAAAAAAAAAAAAAA
Case #70:
ABCDEFGHIJKLMNOPQRSTUVWXY
ABCDEFGHIJKLMNOPQRSTUVWXY
ABCDEFGHIJKLMNOPQRSTUVWXY
ABCDEFGHIJKLMNOPQRSTUVWXY
ABCDEFGHIJKLMNOPQRSTUVWXY
ABCDEFGHIJKLMNOPQRSTUVWXY
ABCDEFGHIJKLMNOPQRSTUVWXY
ABCDEFGHIJKLMNOPQRSTUVWXY
ABCDEFGHIJKLMNOPQRSTUVWXY
ABCDEFGHIJKLMNOPQRSTUVWXY
ABCDEFGHIJKLMNOPQRSTUVWXY
ABCDEFGHIJKLMNOPQRSTUVWXY
ABCDEFGHIJKLMNOPQRSTUVWXY
ABCDEFGHIJKLMNOPQRSTUVWXY
ABCDEFGHIJKLMNOPQRSTUVWXY
ABCDEFGHIJKLMNOPQRSTUVWXY
ABCDEFGHIJKLMNOPQRSTUVWXY
ABCDEFGHIJKLMNOPQRSTUVWXY
ABCDEFGHIJKLMNOPQRSTUVWXY
ABCDEFGHIJKLMNOPQRSTUVWXY
ABCDEFGHIJKLMNOPQRSTUVWXY
ABCDEFGHIJKLMNOPQRSTUVWXY
ABCDEFGHIJKLMNOPQRSTUVWXY
ABCDEFGHIJKLMNOPQRSTUVWXY
ABCDEFGHIJKLMNOPQRSTUVWXY
Case #71:
AAAAAAAAAAAAAAAAAAAAAAAAA
BBBBBBBBBBBBBBBBBBBBBBBBB
CCCCCCCCCCCCCCCCCCCCCCCCC
DDDDDDDDDDDDDDDDDDDDDDDDD
EEEEEEEEEEEEEEEEEEEEEEEEE
FFFFFFFFFFFFFFFFFFFFFFFFF
GGGGGGGGGGGGGGGGGGGGGGGGG
HHHHHHHHHHHHHHHHHHHHHHHHH
IIIIIIIIIIIIIIIIIIIIIIIII
JJJJJJJJJJJJJJJJJJJJJJJJJ
KKKKKKKKKKKKKKKKKKKKKKKKK
LLLLLLLLLLLLLLLLLLLLLLLLL
MMMMMMMMMMMMMMMMMMMMMMMMM
NNNNNNNNNNNNNNNNNNNNNNNNN
OOOOOOOOOOOOOOOOOOOOOOOOO
PPPPPPPPPPPPPPPPPPPPPPPPP
QQQQQQQQQQQQQQQQQQQQQQQQQ
RRRRRRRRRRRRRRRRRRRRRRRRR
SSSSSSSSSSSSSSSSSSSSSSSSS
TTTTTTTTTTTTTTTTTTTTTTTTT
UUUUUUUUUUUUUUUUUUUUUUUUU
VVVVVVVVVVVVVVVVVVVVVVVVV
WWWWWWWWWWWWWWWWWWWWWWWWW
XXXXXXXXXXXXXXXXXXXXXXXXX
YYYYYYYYYYYYYYYYYYYYYYYYY
Case #72:
?G????????????????????X??
?G????????????????????X??
?G????????????????????X??
GGXXXXXXXXXXXXXXXXXXXXXXX
?G???W??J?????????????X??
WWWWWWJJJJJJJJJJJJJJJJJJJ
?????W??J?I??????????????
IIIIIIIIIIIIIIIIIIIIIIIII
ETTTTTTTTTTTTTTTTTTTTTTTT
LLYLLLLLLLLLLLLLLLLLLLLLL
YYYBBBBBBBBBBBBBBBBBBBBBB
KKKKKKKKKKKKKKKKKKKKKKKKK
CCCCCCCCCCCCCCCCCCCCCCCCN
???C??????????P?????????N
PPPPPPPPPPPPPPPPPPPPPPPPN
QQQQQMMMMMMMMMMMMMMMMNNNN
AAAAAAAAAAAAAAAAAAAAAAAVA
?A??????R???????????M??VN
RRRRRRRRRRRRRRRRRRRRRRRVR
????????R???H??????????VN
HHHHHHHHHHHHHHHHHHHHHHHVH
DDDDDDDDDDDDDDDDDDDDDDDVD
OOOOOOOOZOOOOOOOOOOOOVVVV
UUUUUUUUZUUUUUUUUUUUUUSSS
ZZZZZZZZZFFFFFFFFFFFFFFFF
Case #73:
A??
AAA
A??
A??
Case #74:
A
A
Case #75:
A
B
Case #76:
GDA
CDE
BDF
Case #77:
F
D
D
M
M
M
H
H
C
G
E
B
B
K
K
K
K
I
A
A
J
J
L
L
L
Case #78:
??AC?????????????????????
??AC?????????????????????
??AC?????????????????????
??AC?????????????????????
??AC?????????????????????
??AC?????????????????????
??AC?????????????????????
??AC?????????????????????
??AC?????????????????????
??AC?????????????????????
??AC?????????????????????
??AC?????????????????????
??AC?????????????????????
??AC?????????????????????
??AC?????????????????????
??AC?????????????????????
??AC?????????????????????
??AC?????????????????????
AAACCCCCCCCCCCCCCCCCCCCCC
EEBEEEEEEEEEEEEEEEEEEEEEE
??B?DE???????????????????
??B?DE???????????????????
??B?DE???????????????????
BBBDDDDDDDDDDDDDDDDDDDDDD
??B?D????????????????????
Case #79:
ABCDEFGHIJKLMNOPQRSTUVWXY
ABCDEFGHIJKLMNOPQRSTUVWXY
ABCDEFGHIJKLMNOPQRSTUVWXY
ABCDEFGHIJKLMNOPQRSTUVWXY
ABCDEFGHIJKLMNOPQRSTUVWXY
ABCDEFGHIJKLMNOPQRSTUVWXY
ABCDEFGHIJKLMNOPQRSTUVWXY
ABCDEFGHIJKLMNOPQRSTUVWXY
ABCDEFGHIJKLMNOPQRSTUVWXY
ABCDEFGHIJKLMNOPQRSTUVWXY
ABCDEFGHIJKLMNOPQRSTUVWXY
ABCDEFGHIJKLMNOPQRSTUVWXY
ABCDEFGHIJKLMNOPQRSTUVWXY
ABCDEFGHIJKLMNOPQRSTUVWXY
ABCDEFGHIJKLMNOPQRSTUVWXY
ABCDEFGHIJKLMNOPQRSTUVWXY
ABCDEFGHIJKLMNOPQRSTUVWXY
ABCDEFGHIJKLMNOPQRSTUVWXY
ABCDEFGHIJKLMNOPQRSTUVWXY
ABCDEFGHIJKLMNOPQRSTUVWXY
ABCDEFGHIJKLMNOPQRSTUVWXY
ABCDEFGHIJKLMNOPQRSTUVWXY
ABCDEFGHIJKLMNOPQRSTUVWXY
ABCDEFGHIJKLMNOPQRSTUVWXY
ABCDEFGHIJKLMNOPQRSTUVWXY
Case #80:
AAAAAAAAAAAAAAAAAAAAAAAAA
BBBBBBBBBBBBBBBBBBBBBBBBB
CCCCCCCCCCCCCCCCCCCCCCCCC
DDDDDDDDDDDDDDDDDDDDDDDDD
EEEEEEEEEEEEEEEEEEEEEEEEE
FFFFFFFFFFFFFFFFFFFFFFFFF
GGGGGGGGGGGGGGGGGGGGGGGGG
HHHHHHHHHHHHHHHHHHHHHHHHH
IIIIIIIIIIIIIIIIIIIIIIIII
JJJJJJJJJJJJJJJJJJJJJJJJJ
KKKKKKKKKKKKKKKKKKKKKKKKK
LLLLLLLLLLLLLLLLLLLLLLLLL
MMMMMMMMMMMMMMMMMMMMMMMMM
NNNNNNNNNNNNNNNNNNNNNNNNN
OOOOOOOOOOOOOOOOOOOOOOOOO
PPPPPPPPPPPPPPPPPPPPPPPPP
QQQQQQQQQQQQQQQQQQQQQQQQQ
RRRRRRRRRRRRRRRRRRRRRRRRR
SSSSSSSSSSSSSSSSSSSSSSSSS
TTTTTTTTTTTTTTTTTTTTTTTTT
UUUUUUUUUUUUUUUUUUUUUUUUU
VVVVVVVVVVVVVVVVVVVVVVVVV
WWWWWWWWWWWWWWWWWWWWWWWWW
XXXXXXXXXXXXXXXXXXXXXXXXX
YYYYYYYYYYYYYYYYYYYYYYYYY
Case #81:
????????AC??????????G????
????????AC??????????G????
????????AC??????????G????
AAAAAAAAACCCCCCCCCCCGCCCC
EEEEEEEEBEEEEEEEEEEEGEEEE
????????B?DE????????G????
????????B?DE????????G????
????????B?DE????????G????
BBBBBBBBBDDDDDDDDDDDGDDDD
????????B?D????F????G????
????????B?D????F????G????
????????B?D????F????G????
????????B?D????F????G????
FFFFFFFFFFFFFFFFGGGGGGGGG
HHHHHHHHHHHHHHHHHHHHHHHHH
IIIIIIIIIIIIIIIIIIIIIIIII
JJJJJJJJJJJJJJJJJJJJJJJJJ
????????B???????J????????
????????B???????J????????
????????B???????J????????
????????B???????J????????
????????B???????J????????
????????B???????J????????
????????B???????J????????
????????B???????J????????
Case #82:
VVVZVVVVVVVVVVVVVVVVVVVVV
ZZZZWWWWWWWWWWWWWWWWWWWWW
GGKGGGGGGGGGGGGGGGGGGGGGG
DDKDDDDDDDDDDDDDDDDDDDDDD
MMKMMMMMMMMMMMMMMMMMMMMMM
QQKQQQQQQQQQQQQQQQQQQQQQQ
FPKFFFFFFFFFFFFFFFFFFFFFF
PPKEEEEIIIIIIIIIIIIIIIIII
TTTTTTTTTTTTTTTTTTTTTTTTT
?PK???T??????????????R??I
RRRRRRRRRRRRRRRRRRRRRRRRR
?PK?????????H???C????R???
HHHHHHHHHHHHHHHHCHHHHHHHH
?PK?Y???????H???C????????
?PK?Y???????H???C????????
?PK?Y???????H???C????????
YYYYYYYYYYYYYYYYCYYYYYYYY
SSSSSSSSSSSSSSCCCCCCCCCCC
AAAAAAAAAAAAAAAAAAAAAAAAA
UUUUUUUUUUUUUUUUUUUUUUUUX
JJNNNNNNNNNNNNNNNXXXXXXXX
BBBBBBBBBOOOOOOOOOOOOOOOO
??L?????B??????????O?????
LLLLLLLLLLLLLLLLLLLLLLLLL
??L????????????????O?????
Case #83:
?????AC?????????????G????
?????AC?????????????G????
?????AC?????????????G????
?????AC?????????????G????
?????AC?????????????G????
?????AC?????????????G????
AAAAAACCCCCCCCCCCCCCGCCCC
EEEEEBEEEEEEEEEEEEEEGEEEE
?????B?DE???????????G????
?????B?DE???????????G????
?????B?DE???????????G????
BBBBBBDDDDDDDDDDDDDDGDDDD
?????B?D???????F????G????
?????B?D???????F????G????
?????B?D???????F????G????
?????B?D???????F????G????
?????B?D???????F????G????
?????B?D???????F????G????
?????B?D???????F????G????
FFFFFFFFFFFFFFFFGGGGGGGGG
HHHHHHHHHHHHHHHHHHHHHHHHH
IIIIIIIIIIIIIIIIIIIIIIIII
JJJJJJJJJJJJJJJJJJJJJJJJJ
?????B??????????J????????
?????B??????????J????????
Case #84:
??A????B?????????????H???
??A????B?????????????H???
??A????B?????????????H???
??A????B?????????????H???
AAABBBBBBBBBBBBBBBBBBHBBB
CCCCCCCCCCCCCCCCCCCCCHCCC
DDDDDDDDDDDDDDDDDDDDDHDDD
EEEEEEEEEEEEEEEEEEEEEHEEE
???E????????????????FH???
???E????????????????FH???
???E????????????????FH???
???E????????????????FH???
???E????????????????FH???
???E????????????????FH???
FFFFFFFFFFFFFFFFFFFFFHHHH
JJJJJJJJJJJJJJJJJJJJGJJJJ
????????????????????G?IJ?
????????????????????G?IJ?
????????????????????G?IJ?
GGGGGGGGGGGGGGGGGGGGGIIII
????????????????????G?I??
????????????????????G?I??
????????????????????G?I??
????????????????????G?I??
????????????????????G?I??
Case #85:
??????AC?????????????????
??????AC?????????????????
??????AC?????????????????
??????AC?????????????????
??????AC?????????????????
??????AC?????????????????
??????AC?????????????????
??????AC?????????????????
??????AC?????????????????
??????AC?????????????????
??????AC?????????????????
AAAAAAACCCCCCCCCCCCCCCCCC
EEEEEEBEEEEEEEEEEEEEEEEEE
??????B?DE???????????????
??????B?DE???????????????
??????B?DE???????????????
BBBBBBBDDDDDDDDDDDDDDDDDD
??????B?D????????????????
??????B?D????????????????
??????B?D????????????????
??????B?D????????????????
??????B?D????????????????
??????B?D????????????????
??????B?D????????????????
??????B?D????????????????
Case #86:
ABCDEFGHIJKLMNOPQRSTUVWXY
ABCDEFGHIJKLMNOPQRSTUVWXY
ABCDEFGHIJKLMNOPQRSTUVWXY
ABCDEFGHIJKLMNOPQRSTUVWXY
ABCDEFGHIJKLMNOPQRSTUVWXY
ABCDEFGHIJKLMNOPQRSTUVWXY
ABCDEFGHIJKLMNOPQRSTUVWXY
ABCDEFGHIJKLMNOPQRSTUVWXY
ABCDEFGHIJKLMNOPQRSTUVWXY
ABCDEFGHIJKLMNOPQRSTUVWXY
ABCDEFGHIJKLMNOPQRSTUVWXY
ABCDEFGHIJKLMNOPQRSTUVWXY
ABCDEFGHIJKLMNOPQRSTUVWXY
ABCDEFGHIJKLMNOPQRSTUVWXY
ABCDEFGHIJKLMNOPQRSTUVWXY
ABCDEFGHIJKLMNOPQRSTUVWXY
ABCDEFGHIJKLMNOPQRSTUVWXY
ABCDEFGHIJKLMNOPQRSTUVWXY
ABCDEFGHIJKLMNOPQRSTUVWXY
ABCDEFGHIJKLMNOPQRSTUVWXY
ABCDEFGHIJKLMNOPQRSTUVWXY
ABCDEFGHIJKLMNOPQRSTUVWXY
ABCDEFGHIJKLMNOPQRSTUVWXY
ABCDEFGHIJKLMNOPQRSTUVWXY
ABCDEFGHIJKLMNOPQRSTUVWXY
Case #87:
BC
DA
Case #88:
AA
Case #89:
?????W??????T???E????????
?????W??????T???E????????
?????W??????T???E????????
?????W??????T???E????????
?????W??????T???E????????
?????W??????T???E????????
?????W??????T???E????????
?????W??????T???E????????
?????W??????T???E????????
?????W??????T???E????????
?????W??????T???E????????
?????W??????T???E????????
?????W??????T???E????????
?????W??????T???E????????
?????W??????T???E????????
TTTTTWTTTTTTTTTTETTTTTTTT
OOOOOWOOOOOOCOOOEOOOOOOOO
GGGGGWGGGFFFCCCCECCCCCCCC
ZZZZZWZZUUUUUUUUEUUUUUUUU
KKKKKWKKHHHHJJJEEEEEEEEEE
WWWWWWBAAAAARRRRRRRRRRRRR
YYYYYYYVYQYYYYYYXYYYYYYYY
IISSSSVVVQVVVVVVXVVVVVVVV
LLLLLLMMMQXXXXXXXXXXXXXXX
PPPPDDDDDNNNNNNNNNNNNNNNN
Case #90:
ZZZZZZZZZZZZZZZZZZZZZZZZZ
KKKKKKKKKKKKKKKKKKKKKKKKK
DDDDDDDDDDNDDDDDDDDDDDDDD
??????????N??R??????????J
JJJJJJJJJJNJJRJJJJJJJJJJJ
NNNNNNNNNNNRRRPPPPPPPPPPP
??????????N??R?O?????P??M
??????????N??R?O?????P??M
MMMMMMMMMMMMMMMOMMMMMMMMM
FFFFFFFFFFFFFFFOFFFFFFFFF
OOOOOOOOOOOOOOOOLLLLLLLLL
CCCCCCCCCCCCCCCCCCCCCHCCC
WWWWWWWWWWWWWWWWHHHHHHHHH
??B????????????W?????S???
??B????????????W?????S???
SSBSSSSSSSSSSSSSSSSSSSSSS
BBBTTTTTTTTTTTTTTTTTTTTTT
EEEIEEEEEEEEEEEEEEAEEEEEE
YYYIYUYYYYYYYYYAAAAAAAAAA
IIIIUUVVVVVVQQQQQQQQQQQQQ
??GI?U?????V???????Q?????
GGGGGGGGGGGGGGGGGGGGGGGGG
XXXXXXXXXXXXXXXXXXXXXXXXX
X????U?????V???????Q?????
X????U?????V???????Q?????
Case #91:
BACJH
BAKFG
DIIEE
Case #92:
ABBCCDDEEFFGGHHIIJJKKLLMM
NNOOPPQQRRSSTTUUVVWWXXYYY
ZZZZZZZZZZZZZZZZZZZZZZZZZ
Z??O?P?Q?R?S?T?U?V?W?X?Y?
Z??O?P?Q?R?S?T?U?V?W?X?Y?
Z??O?P?Q?R?S?T?U?V?W?X?Y?
Z??O?P?Q?R?S?T?U?V?W?X?Y?
Z??O?P?Q?R?S?T?U?V?W?X?Y?
Z??O?P?Q?R?S?T?U?V?W?X?Y?
Z??O?P?Q?R?S?T?U?V?W?X?Y?
Z??O?P?Q?R?S?T?U?V?W?X?Y?
Z??O?P?Q?R?S?T?U?V?W?X?Y?
Z??O?P?Q?R?S?T?U?V?W?X?Y?
Z??O?P?Q?R?S?T?U?V?W?X?Y?
Z??O?P?Q?R?S?T?U?V?W?X?Y?
Z??O?P?Q?R?S?T?U?V?W?X?Y?
Z??O?P?Q?R?S?T?U?V?W?X?Y?
Z??O?P?Q?R?S?T?U?V?W?X?Y?
Z??O?P?Q?R?S?T?U?V?W?X?Y?
Z??O?P?Q?R?S?T?U?V?W?X?Y?
Z??O?P?Q?R?S?T?U?V?W?X?Y?
Z??O?P?Q?R?S?T?U?V?W?X?Y?
Z??O?P?Q?R?S?T?U?V?W?X?Y?
Z??O?P?Q?R?S?T?U?V?W?X?Y?
Z??O?P?Q?R?S?T?U?V?W?X?Y?
Case #93:
????????????L??????ZN?X??
????????????L??????ZN?X??
????????????L??????ZN?X??
????????????L??????ZN?X??
????????????L??????ZN?X??
????????????L??????ZN?X??
????????????L??????ZN?X??
ZZZZZZZZZZZZLZZZZZZZNXXXX
SSSSSSSSSSSSLSSSSSSSSFFFF
VVVVVVVVVVVVLVVVVVVVVVVVV
KKKKKKKKKKKKLKKKKKKEKKKKK
RRRRRRRRRRRRLRRRRRRERRRRR
BBBBBBBBBBBBLBBBBBBEBBBBB
LLLLLLLLLLLLLQQQQQQEQQQOQ
WWWWWWWWWWWWWWWWOOOEOOOOO
DDDDDDDDDDDDDDDYYYEEMMTTT
GGGGGGGGGGGGGGGGIGGGGGGGG
IIIIIIIIIIIIIIIIIHHHHCCCC
AAAAAAAAAAAAAAAAAAUAAAAAA
UUUUUUUUUUUUUUUUUUUJJJJJJ
PPPPPPPPPPPPPPPPPPPPPPPPP
????????????L?????U??P???
????????????L?????U??P???
????????????L?????U??P???
????????????L?????U??P???
Case #94:
?????????????????AC??????
?????????????????AC??????
?????????????????AC??????
?????????????????AC??????
?????????????????AC??????
?????????????????AC??????
?????????????????AC??????
?????????????????AC??????
?????????????????AC??????
?????????????????AC??????
?????????????????AC??????
?????????????????AC??????
?????????????????AC??????
AAAAAAAAAAAAAAAAAACCCCCCC
EEEEEEEEEEEEEEEEEBEEEEEEE
?????????????????B?DE????
?????????????????B?DE????
?????????????????B?DE????
BBBBBBBBBBBBBBBBBBDDDDDDD
?????????????????B?D?????
?????????????????B?D?????
?????????????????B?D?????
?????????????????B?D?????
?????????????????B?D?????
?????????????????B?D?????
Case #95:
JKRRDG
JNPOOO
CLIIII
AHABBB
HHQEEE
MFFFFF
Case #96:
AIJB
AIJE
AIDF
GGGC
HHHH
AIGH
Case #97:
????????AC????????????G??
????????AC????????????G??
????????AC????????????G??
????????AC????????????G??
????????AC????????????G??
AAAAAAAAACCCCCCCCCCCCCGCC
EEEEEEEEBEEEEEEEEEEEEEGEE
????????B?DE??????????G??
????????B?DE??????????G??
????????B?DE??????????G??
BBBBBBBBBDDDDDDDDDDDDDGDD
????????B?D??????F????G??
????????B?D??????F????G??
FFFFFFFFFFFFFFFFFFGGGGGGG
HHHHHHHHHHHHHHHHHHHHHHHHH
IIIIIIIIIIIIIIIIIIIIIIIII
JJJJJJJJJJJJJJJJJJJJJJJJJ
????????B?????????J??????
????????B?????????J??????
????????B?????????J??????
????????B?????????J??????
????????B?????????J??????
????????B?????????J??????
????????B?????????J??????
????????B?????????J??????
Case #98:
?????A????B??????????????
?????A????B??????????????
?????A????B??????????????
?????A????B??????????????
?????A????B??????????????
?????A????B??????????????
?????A????B??????????????
?????A????B??????????????
?????A????B??????????????
AAAAAABBBBBBBBBBBBBBBBBBB
CCCCCCCCCCCCCCCCCCCCCCCCC
DDDDDDDDDDDDDDDDDDDDDDDDD
EEEEEEEEEEEEEEEEEEEEEEEEE
??????E??????????????????
??????E??????????????????
??????E??????????????????
??????E??????????????????
??????E??????????????????
??????E??????????????????
??????E??????????????????
??????E??????????????????
??????E??????????????????
??????E??????????????????
??????E??????????????????
??????E??????????????????
Case #99:
?E?IRM???????????????????
?E?IRM???????????????????
?E?IRM???????????????????
?E?IRM???????????????????
?E?IRM???????????????????
?E?IRM???????????????????
?E?IRM???????????????????
?E?IRM???????????????????
?E?IRM???????????????????
EEEIRMEEEEEEEEEEEEEEEEEEE
NEFIRM???????????????????
NFFIRMFFFFFFFFFFFFFFFFFFF
GLLIRMLLLLLLLLLLLLLLLLLLL
ZWWIRMRRRRRRRRRRRRRRRRRRR
ZCUSOMMMMMMMMMMMMMMMMMMMM
ZAUYYYYYYYYYYYYYYYYYYYYYY
ZQUHHDDDDDDDDDDDDDDDDDDDD
ZQUPVPPPPPPPPPPPPPPPPPPPP
BJJJVVVVVVVVVVVVVVVVVVVVV
TTXXXXXXXXXXXXXXXXXXXXXXX
KKKKKKKKKKKKKKKKKKKKKKKKK
?KX?VD???????????????????
?KX?VD???????????????????
?KX?VD???????????????????
?KX?VD???????????????????
Case #100:
PU
BU
ZC
RC
OS
AS
HD
HD
WD
ME
MK
QL
QL
GG
JT
JT
JX
YY
FV
FV
FI
FI
FN
FN
FN
